
> frontend@0.0.0 build
> vite build

[36mvite v8.0.1 [32mbuilding client environment for production...[36m[39m
[2K
transforming...Γ£ô 2588 modules transformed.
rendering chunks...
computing gzip size...
dist/index.html                        0.69 kB Γöé gzip:   0.41 kB
dist/assets/index-DuafUM-q.css        24.06 kB Γöé gzip:   5.35 kB
dist/assets/chunk-DECur_0Z.js          0.68 kB Γöé gzip:   0.41 kB
dist/assets/purify.es-DFivPf1X.js     21.03 kB Γöé gzip:   8.47 kB
dist/assets/index.es-B6yAX6F4.js     151.40 kB Γöé gzip:  48.88 kB
dist/assets/index-CD5aCS3G.js      1,419.20 kB Γöé gzip: 418.40 kB

[32mΓ£ô built in 1.29s[39m
node.exe : [33m[plugin builtin:vite-reporter] 
At C:\Program Files\nodejs\npm.ps1:29 char:3
+   & $NODE_EXE $NPM_CLI_JS $args
+   ~~~~~~~~~~~~~~~~~~~~~~~~~~~~~
    + CategoryInfo          : NotSpecified: ([33m[plugin builtin:vite-reporter] :String) [], 
RemoteExcep    tion
    + FullyQualifiedErrorId : NativeCommandError
 
(!) Some chunks are larger than 500 kB after minification. Consider:
- Using dynamic import() to code-split the application
- Use build.rolldownOptions.output.codeSplitting to improve chunking: 
https://rolldown.rs/reference/OutputOptions.codeSplitting
- Adjust chunk size limit for this warning via build.chunkSizeWarningLimit.[39m
